CCS PCM C Compiler, Version 5.105, 4770               08-jul.-22 07:53

               Filename:   E:\PicTrance\Downloads\dimer\dimmer.lst

               ROM used:   1102 words (13%)
                           Largest free fragment is 2048
               RAM used:   25 (2%) at main() level
                           87 (8%) worst case
               Stack used: 1 locations (0 in main + 1 for interrupts)
               Stack size: 16

*
0000:  MOVLP  00
0001:  GOTO   3BD
0002:  NOP
*
0004:  CLRF   03
0005:  MOVLP  00
0006:  MOVLB  00
0007:  MOVF   77,W
0008:  MOVWF  20
0009:  MOVF   78,W
000A:  MOVWF  21
000B:  MOVF   79,W
000C:  MOVWF  22
000D:  MOVF   7A,W
000E:  MOVWF  23
000F:  MOVLW  07
0010:  MOVWF  05
0011:  MOVLW  16
0012:  MOVWF  04
0013:  BTFSS  00.0
0014:  GOTO   01B
0015:  MOVLW  07
0016:  MOVWF  05
0017:  MOVLW  0C
0018:  MOVWF  04
0019:  BTFSC  00.0
001A:  GOTO   030
001B:  MOVLW  07
001C:  MOVWF  05
001D:  MOVLW  1A
001E:  MOVWF  04
001F:  BTFSS  00.4
0020:  GOTO   027
0021:  MOVLW  07
0022:  MOVWF  05
0023:  MOVLW  10
0024:  MOVWF  04
0025:  BTFSC  00.4
0026:  GOTO   032
0027:  MOVF   20,W
0028:  MOVWF  77
0029:  MOVF   21,W
002A:  MOVWF  78
002B:  MOVF   22,W
002C:  MOVWF  79
002D:  MOVF   23,W
002E:  MOVWF  7A
002F:  RETFIE
0030:  MOVLP  00
0031:  GOTO   034
0032:  MOVLP  00
0033:  GOTO   056
.................... #include <16F18855.h>
.................... //////////// Standard Header file for the PIC16F18855 device ////////////////
.................... ///////////////////////////////////////////////////////////////////////////
.................... ////        (C) Copyright 1996, 2020 Custom Computer Services          ////
.................... //// This source code may only be used by licensed users of the CCS C  ////
.................... //// compiler.  This source code may only be distributed to other      ////
.................... //// licensed users of the CCS C compiler.  No other use, reproduction ////
.................... //// or distribution is permitted without written permission.          ////
.................... //// Derivative programs created using this software in object code    ////
.................... //// form are not restricted in any way.                               ////
.................... ///////////////////////////////////////////////////////////////////////////
.................... #device PIC16F18855
*
0068:  MOVLW  8E
0069:  MOVWF  77
006A:  MOVF   31,W
006B:  MOVWF  78
006C:  MOVF   30,W
006D:  MOVWF  79
006E:  CLRF   7A
006F:  MOVF   78,F
0070:  BTFSS  03.2
0071:  GOTO   07C
0072:  MOVF   79,W
0073:  MOVWF  78
0074:  CLRF   79
0075:  MOVLW  08
0076:  SUBWF  77,F
0077:  MOVF   78,F
0078:  BTFSS  03.2
0079:  GOTO   07C
007A:  CLRF   77
007B:  GOTO   084
007C:  BCF    03.0
007D:  BTFSC  78.7
007E:  GOTO   083
007F:  RLF    79,F
0080:  RLF    78,F
0081:  DECF   77,F
0082:  GOTO   07C
0083:  BCF    78.7
0084:  MOVLP  00
0085:  GOTO   412 (RETURN)
0086:  MOVLW  80
0087:  BTFSC  03.1
0088:  XORWF  51,F
0089:  CLRF   5A
008A:  CLRF   5B
008B:  MOVF   4D,W
008C:  MOVWF  59
008D:  MOVF   51,W
008E:  XORWF  59,F
008F:  MOVF   4C,W
0090:  BTFSC  03.2
0091:  GOTO   179
0092:  MOVWF  58
0093:  MOVWF  77
0094:  MOVF   50,W
0095:  BTFSC  03.2
0096:  GOTO   182
0097:  SUBWF  58,F
0098:  BTFSC  03.2
0099:  GOTO   11D
009A:  BTFSS  03.0
009B:  GOTO   0DA
009C:  MOVF   51,W
009D:  MOVWF  5E
009E:  BSF    5E.7
009F:  MOVF   52,W
00A0:  MOVWF  5D
00A1:  MOVF   53,W
00A2:  MOVWF  5C
00A3:  CLRF   5B
00A4:  BCF    03.0
00A5:  RRF    5E,F
00A6:  RRF    5D,F
00A7:  RRF    5C,F
00A8:  RRF    5B,F
00A9:  DECFSZ 58,F
00AA:  GOTO   0A3
00AB:  BTFSS  59.7
00AC:  GOTO   0B0
00AD:  BSF    5A.0
00AE:  GOTO   196
00AF:  BCF    5A.0
00B0:  BCF    58.0
00B1:  BSF    5A.4
00B2:  MOVLW  20
00B3:  MOVWF  05
00B4:  MOVLW  2F
00B5:  MOVWF  04
00B6:  GOTO   1AB
00B7:  BCF    5A.4
00B8:  BTFSC  59.7
00B9:  GOTO   0C4
00BA:  BTFSS  58.0
00BB:  GOTO   0CF
00BC:  RRF    5E,F
00BD:  RRF    5D,F
00BE:  RRF    5C,F
00BF:  RRF    5B,F
00C0:  INCF   77,F
00C1:  BTFSC  03.2
00C2:  GOTO   191
00C3:  GOTO   0CF
00C4:  BTFSC  5E.7
00C5:  GOTO   0D2
00C6:  BCF    03.0
00C7:  RLF    5B,F
00C8:  RLF    5C,F
00C9:  RLF    5D,F
00CA:  RLF    5E,F
00CB:  DECF   77,F
00CC:  BTFSC  03.2
00CD:  GOTO   191
00CE:  GOTO   0C4
00CF:  BSF    5A.6
00D0:  GOTO   13E
00D1:  BCF    5A.6
00D2:  MOVF   4D,W
00D3:  MOVWF  59
00D4:  BTFSS  59.7
00D5:  GOTO   0D8
00D6:  BSF    5E.7
00D7:  GOTO   18A
00D8:  BCF    5E.7
00D9:  GOTO   18A
00DA:  MOVF   50,W
00DB:  MOVWF  58
00DC:  MOVWF  77
00DD:  MOVF   4C,W
00DE:  SUBWF  58,F
00DF:  MOVF   4D,W
00E0:  MOVWF  5E
00E1:  BSF    5E.7
00E2:  MOVF   4E,W
00E3:  MOVWF  5D
00E4:  MOVF   4F,W
00E5:  MOVWF  5C
00E6:  CLRF   5B
00E7:  BCF    03.0
00E8:  RRF    5E,F
00E9:  RRF    5D,F
00EA:  RRF    5C,F
00EB:  RRF    5B,F
00EC:  DECFSZ 58,F
00ED:  GOTO   0E6
00EE:  BTFSS  59.7
00EF:  GOTO   0F3
00F0:  BSF    5A.1
00F1:  GOTO   196
00F2:  BCF    5A.1
00F3:  BCF    58.0
00F4:  BSF    5A.5
00F5:  MOVLW  20
00F6:  MOVWF  05
00F7:  MOVLW  33
00F8:  MOVWF  04
00F9:  GOTO   1AB
00FA:  BCF    5A.5
00FB:  BTFSC  59.7
00FC:  GOTO   107
00FD:  BTFSS  58.0
00FE:  GOTO   112
00FF:  RRF    5E,F
0100:  RRF    5D,F
0101:  RRF    5C,F
0102:  RRF    5B,F
0103:  INCF   77,F
0104:  BTFSC  03.2
0105:  GOTO   191
0106:  GOTO   112
0107:  BTFSC  5E.7
0108:  GOTO   115
0109:  BCF    03.0
010A:  RLF    5B,F
010B:  RLF    5C,F
010C:  RLF    5D,F
010D:  RLF    5E,F
010E:  DECF   77,F
010F:  BTFSC  03.2
0110:  GOTO   191
0111:  GOTO   107
0112:  BSF    5A.7
0113:  GOTO   13E
0114:  BCF    5A.7
0115:  MOVF   51,W
0116:  MOVWF  59
0117:  BTFSS  59.7
0118:  GOTO   11B
0119:  BSF    5E.7
011A:  GOTO   18A
011B:  BCF    5E.7
011C:  GOTO   18A
011D:  MOVF   51,W
011E:  MOVWF  5E
011F:  BSF    5E.7
0120:  MOVF   52,W
0121:  MOVWF  5D
0122:  MOVF   53,W
0123:  MOVWF  5C
0124:  BTFSS  59.7
0125:  GOTO   12A
0126:  BCF    5E.7
0127:  BSF    5A.2
0128:  GOTO   196
0129:  BCF    5A.2
012A:  CLRF   5B
012B:  BCF    58.0
012C:  MOVLW  20
012D:  MOVWF  05
012E:  MOVLW  2F
012F:  MOVWF  04
0130:  GOTO   1AB
0131:  BTFSC  59.7
0132:  GOTO   154
0133:  MOVF   4D,W
0134:  MOVWF  59
0135:  BTFSS  58.0
0136:  GOTO   13E
0137:  RRF    5E,F
0138:  RRF    5D,F
0139:  RRF    5C,F
013A:  RRF    5B,F
013B:  INCF   77,F
013C:  BTFSC  03.2
013D:  GOTO   191
013E:  BTFSS  5B.7
013F:  GOTO   14F
0140:  INCF   5C,F
0141:  BTFSS  03.2
0142:  GOTO   14F
0143:  INCF   5D,F
0144:  BTFSS  03.2
0145:  GOTO   14F
0146:  INCF   5E,F
0147:  BTFSS  03.2
0148:  GOTO   14F
0149:  RRF    5E,F
014A:  RRF    5D,F
014B:  RRF    5C,F
014C:  INCF   77,F
014D:  BTFSC  03.2
014E:  GOTO   191
014F:  BTFSC  5A.6
0150:  GOTO   0D1
0151:  BTFSC  5A.7
0152:  GOTO   114
0153:  GOTO   173
0154:  MOVLW  80
0155:  XORWF  5E,F
0156:  BTFSS  5E.7
0157:  GOTO   15C
0158:  GOTO   196
0159:  MOVF   51,W
015A:  MOVWF  59
015B:  GOTO   169
015C:  MOVF   4D,W
015D:  MOVWF  59
015E:  MOVF   5E,F
015F:  BTFSS  03.2
0160:  GOTO   169
0161:  MOVF   5D,F
0162:  BTFSS  03.2
0163:  GOTO   169
0164:  MOVF   5C,F
0165:  BTFSS  03.2
0166:  GOTO   169
0167:  CLRF   77
0168:  GOTO   18A
0169:  BTFSC  5E.7
016A:  GOTO   173
016B:  BCF    03.0
016C:  RLF    5B,F
016D:  RLF    5C,F
016E:  RLF    5D,F
016F:  RLF    5E,F
0170:  DECFSZ 77,F
0171:  GOTO   169
0172:  GOTO   191
0173:  BTFSS  59.7
0174:  GOTO   177
0175:  BSF    5E.7
0176:  GOTO   18A
0177:  BCF    5E.7
0178:  GOTO   18A
0179:  MOVF   50,W
017A:  MOVWF  77
017B:  MOVF   51,W
017C:  MOVWF  5E
017D:  MOVF   52,W
017E:  MOVWF  5D
017F:  MOVF   53,W
0180:  MOVWF  5C
0181:  GOTO   18A
0182:  MOVF   4C,W
0183:  MOVWF  77
0184:  MOVF   4D,W
0185:  MOVWF  5E
0186:  MOVF   4E,W
0187:  MOVWF  5D
0188:  MOVF   4F,W
0189:  MOVWF  5C
018A:  MOVF   5E,W
018B:  MOVWF  78
018C:  MOVF   5D,W
018D:  MOVWF  79
018E:  MOVF   5C,W
018F:  MOVWF  7A
0190:  GOTO   1C7
0191:  CLRF   77
0192:  CLRF   78
0193:  CLRF   79
0194:  CLRF   7A
0195:  GOTO   1C7
0196:  CLRF   5B
0197:  COMF   5C,F
0198:  COMF   5D,F
0199:  COMF   5E,F
019A:  COMF   5B,F
019B:  INCF   5B,F
019C:  BTFSS  03.2
019D:  GOTO   1A4
019E:  INCF   5C,F
019F:  BTFSS  03.2
01A0:  GOTO   1A4
01A1:  INCF   5D,F
01A2:  BTFSC  03.2
01A3:  INCF   5E,F
01A4:  BTFSC  5A.0
01A5:  GOTO   0AF
01A6:  BTFSC  5A.1
01A7:  GOTO   0F2
01A8:  BTFSC  5A.2
01A9:  GOTO   129
01AA:  GOTO   159
01AB:  MOVF   00,W
01AC:  ADDWF  5C,F
01AD:  BTFSS  03.0
01AE:  GOTO   1B5
01AF:  INCF   5D,F
01B0:  BTFSS  03.2
01B1:  GOTO   1B5
01B2:  INCF   5E,F
01B3:  BTFSC  03.2
01B4:  BSF    58.0
01B5:  MOVIW  [--FSR0],W
01B6:  ADDWF  5D,F
01B7:  BTFSS  03.0
01B8:  GOTO   1BC
01B9:  INCF   5E,F
01BA:  BTFSC  03.2
01BB:  BSF    58.0
01BC:  MOVIW  [--FSR0],W
01BD:  BTFSS  00.7
01BE:  XORLW  80
01BF:  ADDWF  5E,F
01C0:  BTFSC  03.0
01C1:  BSF    58.0
01C2:  BTFSC  5A.4
01C3:  GOTO   0B7
01C4:  BTFSC  5A.5
01C5:  GOTO   0FA
01C6:  GOTO   131
01C7:  RETURN
*
0204:  MOVF   4C,W
0205:  BTFSC  03.2
0206:  GOTO   274
0207:  MOVWF  57
0208:  MOVF   50,W
0209:  BTFSC  03.2
020A:  GOTO   274
020B:  ADDWF  57,F
020C:  BTFSC  03.0
020D:  GOTO   215
020E:  MOVLW  7F
020F:  SUBWF  57,F
0210:  BTFSS  03.0
0211:  GOTO   274
0212:  BTFSC  03.2
0213:  GOTO   274
0214:  GOTO   219
0215:  MOVLW  81
0216:  ADDWF  57,F
0217:  BTFSC  03.0
0218:  GOTO   274
0219:  MOVF   57,W
021A:  MOVWF  77
021B:  CLRF   78
021C:  CLRF   79
021D:  CLRF   7A
021E:  MOVF   4D,W
021F:  MOVWF  5B
0220:  BSF    5B.7
0221:  MOVF   4E,W
0222:  MOVWF  5A
0223:  MOVF   4F,W
0224:  MOVWF  59
0225:  MOVLW  18
0226:  MOVWF  57
0227:  CLRF   58
0228:  BTFSS  59.0
0229:  GOTO   242
022A:  MOVF   53,W
022B:  ADDWF  7A,F
022C:  BTFSS  03.0
022D:  GOTO   234
022E:  INCF   79,F
022F:  BTFSS  03.2
0230:  GOTO   234
0231:  INCF   78,F
0232:  BTFSC  03.2
0233:  BSF    58.7
0234:  MOVF   52,W
0235:  ADDWF  79,F
0236:  BTFSS  03.0
0237:  GOTO   23B
0238:  INCF   78,F
0239:  BTFSC  03.2
023A:  BSF    58.7
023B:  MOVF   51,W
023C:  MOVWF  4E
023D:  BSF    4E.7
023E:  MOVF   4E,W
023F:  ADDWF  78,F
0240:  BTFSC  03.0
0241:  BSF    58.7
0242:  RLF    58,F
0243:  RRF    78,F
0244:  RRF    79,F
0245:  RRF    7A,F
0246:  RRF    5B,F
0247:  RRF    5A,F
0248:  RRF    59,F
0249:  BCF    03.0
024A:  DECFSZ 57,F
024B:  GOTO   227
024C:  MOVLW  01
024D:  ADDWF  77,F
024E:  BTFSC  03.0
024F:  GOTO   274
0250:  BTFSC  78.7
0251:  GOTO   259
0252:  RLF    5B,F
0253:  RLF    7A,F
0254:  RLF    79,F
0255:  RLF    78,F
0256:  DECF   77,F
0257:  BTFSC  03.2
0258:  GOTO   274
0259:  BTFSS  5B.7
025A:  GOTO   26A
025B:  INCF   7A,F
025C:  BTFSS  03.2
025D:  GOTO   26A
025E:  INCF   79,F
025F:  BTFSS  03.2
0260:  GOTO   26A
0261:  INCF   78,F
0262:  BTFSS  03.2
0263:  GOTO   26A
0264:  RRF    78,F
0265:  RRF    79,F
0266:  RRF    7A,F
0267:  INCF   77,F
0268:  BTFSC  03.2
0269:  GOTO   274
026A:  MOVF   4D,W
026B:  MOVWF  58
026C:  MOVF   51,W
026D:  XORWF  58,F
026E:  BTFSS  58.7
026F:  GOTO   272
0270:  BSF    78.7
0271:  GOTO   278
0272:  BCF    78.7
0273:  GOTO   278
0274:  CLRF   77
0275:  CLRF   78
0276:  CLRF   79
0277:  CLRF   7A
*
02A2:  MOVF   4C,W
02A3:  BTFSC  03.2
02A4:  GOTO   367
02A5:  MOVWF  5C
02A6:  MOVF   50,W
02A7:  BTFSC  03.2
02A8:  GOTO   367
02A9:  SUBWF  5C,F
02AA:  BTFSS  03.0
02AB:  GOTO   2B1
02AC:  MOVLW  7F
02AD:  ADDWF  5C,F
02AE:  BTFSC  03.0
02AF:  GOTO   367
02B0:  GOTO   2B7
02B1:  MOVLW  81
02B2:  SUBWF  5C,F
02B3:  BTFSS  03.0
02B4:  GOTO   367
02B5:  BTFSC  03.2
02B6:  GOTO   367
02B7:  MOVF   5C,W
02B8:  MOVWF  77
02B9:  CLRF   78
02BA:  CLRF   79
02BB:  CLRF   7A
02BC:  CLRF   5B
02BD:  MOVF   4D,W
02BE:  MOVWF  5A
02BF:  BSF    5A.7
02C0:  MOVF   4E,W
02C1:  MOVWF  59
02C2:  MOVF   4F,W
02C3:  MOVWF  58
02C4:  MOVLW  19
02C5:  MOVWF  5C
02C6:  MOVF   53,W
02C7:  SUBWF  58,F
02C8:  BTFSC  03.0
02C9:  GOTO   2DA
02CA:  MOVLW  01
02CB:  SUBWF  59,F
02CC:  BTFSC  03.0
02CD:  GOTO   2DA
02CE:  SUBWF  5A,F
02CF:  BTFSC  03.0
02D0:  GOTO   2DA
02D1:  SUBWF  5B,F
02D2:  BTFSC  03.0
02D3:  GOTO   2DA
02D4:  INCF   5B,F
02D5:  INCF   5A,F
02D6:  INCF   59,F
02D7:  MOVF   53,W
02D8:  ADDWF  58,F
02D9:  GOTO   30C
02DA:  MOVF   52,W
02DB:  SUBWF  59,F
02DC:  BTFSC  03.0
02DD:  GOTO   2F5
02DE:  MOVLW  01
02DF:  SUBWF  5A,F
02E0:  BTFSC  03.0
02E1:  GOTO   2F5
02E2:  SUBWF  5B,F
02E3:  BTFSC  03.0
02E4:  GOTO   2F5
02E5:  INCF   5B,F
02E6:  INCF   5A,F
02E7:  MOVF   52,W
02E8:  ADDWF  59,F
02E9:  MOVF   53,W
02EA:  ADDWF  58,F
02EB:  BTFSS  03.0
02EC:  GOTO   30C
02ED:  INCF   59,F
02EE:  BTFSS  03.2
02EF:  GOTO   30C
02F0:  INCF   5A,F
02F1:  BTFSS  03.2
02F2:  GOTO   30C
02F3:  INCF   5B,F
02F4:  GOTO   30C
02F5:  MOVF   51,W
02F6:  IORLW  80
02F7:  SUBWF  5A,F
02F8:  BTFSC  03.0
02F9:  GOTO   30B
02FA:  MOVLW  01
02FB:  SUBWF  5B,F
02FC:  BTFSC  03.0
02FD:  GOTO   30B
02FE:  INCF   5B,F
02FF:  MOVF   51,W
0300:  IORLW  80
0301:  ADDWF  5A,F
0302:  MOVF   52,W
0303:  ADDWF  59,F
0304:  BTFSS  03.0
0305:  GOTO   2E9
0306:  INCF   5A,F
0307:  BTFSS  03.2
0308:  GOTO   2E9
0309:  INCF   5B,F
030A:  GOTO   2E9
030B:  BSF    7A.0
030C:  DECFSZ 5C,F
030D:  GOTO   30F
030E:  GOTO   31A
030F:  BCF    03.0
0310:  RLF    58,F
0311:  RLF    59,F
0312:  RLF    5A,F
0313:  RLF    5B,F
0314:  BCF    03.0
0315:  RLF    7A,F
0316:  RLF    79,F
0317:  RLF    78,F
0318:  RLF    5D,F
0319:  GOTO   2C6
031A:  BTFSS  5D.0
031B:  GOTO   322
031C:  BCF    03.0
031D:  RRF    78,F
031E:  RRF    79,F
031F:  RRF    7A,F
0320:  RRF    5D,F
0321:  GOTO   325
0322:  DECF   77,F
0323:  BTFSC  03.2
0324:  GOTO   367
0325:  BTFSC  5D.7
0326:  GOTO   34E
0327:  BCF    03.0
0328:  RLF    58,F
0329:  RLF    59,F
032A:  RLF    5A,F
032B:  RLF    5B,F
032C:  MOVF   53,W
032D:  SUBWF  58,F
032E:  BTFSC  03.0
032F:  GOTO   33A
0330:  MOVLW  01
0331:  SUBWF  59,F
0332:  BTFSC  03.0
0333:  GOTO   33A
0334:  SUBWF  5A,F
0335:  BTFSC  03.0
0336:  GOTO   33A
0337:  SUBWF  5B,F
0338:  BTFSS  03.0
0339:  GOTO   35D
033A:  MOVF   52,W
033B:  SUBWF  59,F
033C:  BTFSC  03.0
033D:  GOTO   345
033E:  MOVLW  01
033F:  SUBWF  5A,F
0340:  BTFSC  03.0
0341:  GOTO   345
0342:  SUBWF  5B,F
0343:  BTFSS  03.0
0344:  GOTO   35D
0345:  MOVF   51,W
0346:  IORLW  80
0347:  SUBWF  5A,F
0348:  BTFSC  03.0
0349:  GOTO   34E
034A:  MOVLW  01
034B:  SUBWF  5B,F
034C:  BTFSS  03.0
034D:  GOTO   35D
034E:  INCF   7A,F
034F:  BTFSS  03.2
0350:  GOTO   35D
0351:  INCF   79,F
0352:  BTFSS  03.2
0353:  GOTO   35D
0354:  INCF   78,F
0355:  BTFSS  03.2
0356:  GOTO   35D
0357:  INCF   77,F
0358:  BTFSC  03.2
0359:  GOTO   367
035A:  RRF    78,F
035B:  RRF    79,F
035C:  RRF    7A,F
035D:  MOVF   4D,W
035E:  MOVWF  5C
035F:  MOVF   51,W
0360:  XORWF  5C,F
0361:  BTFSS  5C.7
0362:  GOTO   365
0363:  BSF    78.7
0364:  GOTO   36B
0365:  BCF    78.7
0366:  GOTO   36B
0367:  CLRF   77
0368:  CLRF   78
0369:  CLRF   79
036A:  CLRF   7A
*
0387:  MOVLW  8E
0388:  MOVWF  77
0389:  MOVF   30,W
038A:  SUBWF  77,F
038B:  MOVF   31,W
038C:  MOVWF  79
038D:  MOVF   32,W
038E:  MOVWF  78
038F:  BSF    79.7
0390:  MOVF   77,F
0391:  BTFSC  03.2
0392:  GOTO   39E
0393:  BCF    03.0
0394:  MOVF   79,F
0395:  BTFSS  03.2
0396:  GOTO   39A
0397:  MOVF   78,F
0398:  BTFSC  03.2
0399:  GOTO   39E
039A:  RRF    79,F
039B:  RRF    78,F
039C:  DECFSZ 77,F
039D:  GOTO   393
039E:  BTFSS  31.7
039F:  GOTO   3A5
03A0:  COMF   78,F
03A1:  COMF   79,F
03A2:  INCF   78,F
03A3:  BTFSC  03.2
03A4:  INCF   79,F
03A5:  MOVLP  00
03A6:  GOTO   442 (RETURN)
.................... 
.................... #list
.................... 
.................... #device ADC=10
.................... 
.................... #fuses RSTOSC_HFINTRC_32MHZ
.................... //#fuses RSTOSC_HFINTRC
.................... //#fuses RSTOSC_HFINTRC_1MHZ
.................... #fuses NOEXTOSC,NOCLKOUT,NOCKS,NOFCMEN
.................... #fuses MCLR,PUT,NOLPBOR,NOBROWNOUT,BORV24,NOPPS1WAY,NOSTVREN,NODEBUG
.................... #fuses WDTSW,NOWDT,WDTWIN_100%,WDTCLK_LFINTRC
.................... #fuses NOWRT,NOSCANE,NOLVP, NOPROTECT,NOCPD
.................... #fuses ZCDDIS
.................... //#fuses NOZCDDIS
.................... #use delay(clock=32M)
03A7:  MOVLW  20
03A8:  MOVWF  05
03A9:  MOVLW  11
03AA:  MOVWF  04
03AB:  MOVF   00,W
03AC:  BTFSC  03.2
03AD:  GOTO   3BB
03AE:  MOVLW  0A
03AF:  MOVWF  78
03B0:  CLRF   77
03B1:  DECFSZ 77,F
03B2:  GOTO   3B1
03B3:  DECFSZ 78,F
03B4:  GOTO   3B0
03B5:  MOVLW  5F
03B6:  MOVWF  77
03B7:  DECFSZ 77,F
03B8:  GOTO   3B7
03B9:  DECFSZ 00,F
03BA:  GOTO   3AE
03BB:  MOVLP  00
03BC:  GOTO   44B (RETURN)
.................... //#use delay(internal=32MHz)
.................... 
.................... 
.................... //#use rs232(baud=9600,parity=N,xmit=PIN_C0,rcv=PIN_C1,bits=8,stream=PORT1,invert,float_high,errors)
.................... #use rs232(baud=9600,parity=N,xmit=PIN_C0,rcv=PIN_C1,bits=8)
.................... #use i2c(Master,slow,sda=PIN_C3,scl=PIN_C4)
.................... 
.................... int8  high_byte;
.................... unsigned int8 low_byte;
.................... float temp;
.................... //bool flag =0;
.................... int16 adc, timer;// timer = 6768;
.................... 
.................... #INT_EXT
.................... void  EXT_isr(void) {
....................    set_timer5(timer);
*
0034:  MOVLB  04
0035:  CLRF   18
0036:  MOVLB  00
0037:  MOVF   2D,W
0038:  MOVLB  04
0039:  MOVWF  19
003A:  MOVLB  00
003B:  MOVF   2C,W
003C:  MOVLB  04
003D:  MOVWF  18
003E:  NOP
....................    if (timer > 65530){
003F:  MOVLB  00
0040:  MOVF   2D,W
0041:  SUBLW  FE
0042:  BTFSC  03.0
0043:  GOTO   04E
0044:  XORLW  FF
0045:  BTFSS  03.2
0046:  GOTO   04B
0047:  MOVF   2C,W
0048:  SUBLW  FA
0049:  BTFSC  03.0
004A:  GOTO   04E
....................       output_bit(PIN_B1,1);
004B:  BSF    17.1
004C:  BCF    12.1
....................    }else{
004D:  GOTO   050
....................       output_bit(PIN_B1,0);
004E:  BCF    17.1
004F:  BCF    12.1
....................    }
.................... }
.................... 
0050:  MOVLB  0E
0051:  BCF    0C.0
0052:  MOVLB  00
0053:  MOVLP  00
0054:  MOVLB  00
0055:  GOTO   027
.................... #INT_TIMER5
.................... void  TIMER5_isr(void) {   
....................    if (timer <= 150){
0056:  MOVF   2D,F
0057:  BTFSS  03.2
0058:  GOTO   060
0059:  MOVF   2C,W
005A:  SUBLW  96
005B:  BTFSS  03.0
005C:  GOTO   060
....................       output_bit(PIN_B1,0);
005D:  BCF    17.1
005E:  BCF    12.1
....................    }else{
005F:  GOTO   062
....................       output_bit(PIN_B1,1);
0060:  BSF    17.1
0061:  BCF    12.1
....................    }
0062:  MOVLB  0E
0063:  BCF    10.4
0064:  MOVLB  00
0065:  MOVLP  00
0066:  MOVLB  00
0067:  GOTO   027
.................... }
.................... 
.................... 
.................... float map(float x, float in_min, float in_max, float out_min, float out_max) {
....................   return (x - in_min) * (out_max - out_min) / (in_max - in_min) + out_min;
*
01C8:  BSF    03.1
01C9:  MOVF   37,W
01CA:  MOVWF  4F
01CB:  MOVF   36,W
01CC:  MOVWF  4E
01CD:  MOVF   35,W
01CE:  MOVWF  4D
01CF:  MOVF   34,W
01D0:  MOVWF  4C
01D1:  MOVF   3B,W
01D2:  MOVWF  53
01D3:  MOVF   3A,W
01D4:  MOVWF  52
01D5:  MOVF   39,W
01D6:  MOVWF  51
01D7:  MOVF   38,W
01D8:  MOVWF  50
01D9:  CALL   086
01DA:  MOVF   7A,W
01DB:  MOVWF  4B
01DC:  MOVF   79,W
01DD:  MOVWF  4A
01DE:  MOVF   78,W
01DF:  MOVWF  49
01E0:  MOVF   77,W
01E1:  MOVWF  48
01E2:  BSF    03.1
01E3:  MOVF   47,W
01E4:  MOVWF  4F
01E5:  MOVF   46,W
01E6:  MOVWF  4E
01E7:  MOVF   45,W
01E8:  MOVWF  4D
01E9:  MOVF   44,W
01EA:  MOVWF  4C
01EB:  MOVF   43,W
01EC:  MOVWF  53
01ED:  MOVF   42,W
01EE:  MOVWF  52
01EF:  MOVF   41,W
01F0:  MOVWF  51
01F1:  MOVF   40,W
01F2:  MOVWF  50
01F3:  CALL   086
01F4:  MOVF   4B,W
01F5:  MOVWF  4F
01F6:  MOVF   4A,W
01F7:  MOVWF  4E
01F8:  MOVF   49,W
01F9:  MOVWF  4D
01FA:  MOVF   48,W
01FB:  MOVWF  4C
01FC:  MOVF   7A,W
01FD:  MOVWF  53
01FE:  MOVF   79,W
01FF:  MOVWF  52
0200:  MOVF   78,W
0201:  MOVWF  51
0202:  MOVF   77,W
0203:  MOVWF  50
*
0278:  MOVF   7A,W
0279:  MOVWF  4B
027A:  MOVF   79,W
027B:  MOVWF  4A
027C:  MOVF   78,W
027D:  MOVWF  49
027E:  MOVF   77,W
027F:  MOVWF  48
0280:  BSF    03.1
0281:  MOVF   3F,W
0282:  MOVWF  4F
0283:  MOVF   3E,W
0284:  MOVWF  4E
0285:  MOVF   3D,W
0286:  MOVWF  4D
0287:  MOVF   3C,W
0288:  MOVWF  4C
0289:  MOVF   3B,W
028A:  MOVWF  53
028B:  MOVF   3A,W
028C:  MOVWF  52
028D:  MOVF   39,W
028E:  MOVWF  51
028F:  MOVF   38,W
0290:  MOVWF  50
0291:  CALL   086
0292:  MOVF   4B,W
0293:  MOVWF  4F
0294:  MOVF   4A,W
0295:  MOVWF  4E
0296:  MOVF   49,W
0297:  MOVWF  4D
0298:  MOVF   48,W
0299:  MOVWF  4C
029A:  MOVF   7A,W
029B:  MOVWF  53
029C:  MOVF   79,W
029D:  MOVWF  52
029E:  MOVF   78,W
029F:  MOVWF  51
02A0:  MOVF   77,W
02A1:  MOVWF  50
*
036B:  MOVF   7A,W
036C:  MOVWF  4B
036D:  MOVF   79,W
036E:  MOVWF  4A
036F:  MOVF   78,W
0370:  MOVWF  49
0371:  MOVF   77,W
0372:  MOVWF  48
0373:  BCF    03.1
0374:  MOVF   7A,W
0375:  MOVWF  4F
0376:  MOVF   79,W
0377:  MOVWF  4E
0378:  MOVF   78,W
0379:  MOVWF  4D
037A:  MOVF   77,W
037B:  MOVWF  4C
037C:  MOVF   43,W
037D:  MOVWF  53
037E:  MOVF   42,W
037F:  MOVWF  52
0380:  MOVF   41,W
0381:  MOVWF  51
0382:  MOVF   40,W
0383:  MOVWF  50
0384:  CALL   086
0385:  MOVLP  00
0386:  GOTO   439 (RETURN)
.................... }
.................... 
.................... 
.................... void main()
*
03BD:  BCF    13.0
03BE:  BSF    18.0
03BF:  MOVLB  1E
03C0:  CLRF   38
03C1:  CLRF   43
03C2:  CLRF   4E
03C3:  MOVLB  13
03C4:  CLRF   11
03C5:  CLRF   12
03C6:  CLRF   13
03C7:  CLRF   10
03C8:  CLRF   15
03C9:  CLRF   16
03CA:  CLRF   17
03CB:  CLRF   14
.................... {
....................    set_tris_b(0b00000001);
03CC:  MOVLW  01
03CD:  MOVLB  00
03CE:  MOVWF  12
....................    set_tris_a(0b00110000);
03CF:  MOVLW  30
03D0:  MOVWF  11
....................    output_a(0);
03D1:  CLRF   11
03D2:  CLRF   16
....................    setup_adc_ports(sAN4, VSS_VDD);
03D3:  MOVLW  00
03D4:  MOVLB  01
03D5:  MOVWF  1A
03D6:  MOVLW  10
03D7:  MOVLB  1E
03D8:  MOVWF  38
03D9:  MOVLW  00
03DA:  MOVWF  43
03DB:  MOVWF  4E
....................    setup_adc(ADC_CLOCK_DIV_32 |  ADC_LEGACY_MODE );
03DC:  MOVLW  08
03DD:  MOVLB  01
03DE:  MOVWF  15
03DF:  CLRF   16
03E0:  MOVLW  0F
03E1:  MOVWF  18
03E2:  MOVLW  FF
03E3:  MOVWF  1D
03E4:  MOVLB  02
03E5:  CLRF   0D
03E6:  MOVLW  84
03E7:  MOVLB  01
03E8:  MOVWF  13
....................    setup_timer_5(T5_FOSC | T5_SYNC | T5_DIV_BY_4);      //528 us overflow, 8.4 ms interrupt
03E9:  MOVLW  02
03EA:  MOVLB  04
03EB:  MOVWF  1D
03EC:  MOVLW  23
03ED:  MOVWF  1A
03EE:  CLRF   1B
03EF:  CLRF   1C
....................    set_timer5(0);
03F0:  CLRF   18
03F1:  CLRF   19
03F2:  CLRF   18
03F3:  NOP
....................    enable_interrupts(INT_EXT);
03F4:  MOVLB  0E
03F5:  BSF    16.0
....................    enable_interrupts(INT_TIMER5);
03F6:  BSF    1A.4
....................    enable_interrupts(GLOBAL);   
03F7:  MOVLW  C0
03F8:  IORWF  0B,F
....................    enable_interrupts(PERIPH);
03F9:  BSF    0B.6
....................    
....................    set_adc_channel(4);
03FA:  MOVLW  04
03FB:  MOVLB  01
03FC:  MOVWF  1E
....................    while(TRUE)
....................    {
....................       output_toggle(PIN_A0);
03FD:  MOVLB  00
03FE:  BCF    11.0
03FF:  MOVLW  01
0400:  XORWF  16,F
....................       adc = READ_ADC();
0401:  MOVLB  01
0402:  BSF    13.0
0403:  NOP
0404:  BTFSC  13.0
0405:  GOTO   404
0406:  MOVF   0C,W
0407:  MOVWF  78
0408:  MOVF   0D,W
0409:  MOVLB  00
040A:  MOVWF  2B
040B:  MOVF   78,W
040C:  MOVWF  2A
....................       timer = (int16)map(adc, 0, 1023, 0,65535);
040D:  MOVF   2B,W
040E:  MOVWF  31
040F:  MOVF   2A,W
0410:  MOVWF  30
0411:  GOTO   068
0412:  MOVF   7A,W
0413:  MOVWF  33
0414:  MOVF   79,W
0415:  MOVWF  32
0416:  MOVF   78,W
0417:  MOVWF  31
0418:  MOVF   77,W
0419:  MOVWF  30
041A:  MOVF   7A,W
041B:  MOVWF  37
041C:  MOVF   79,W
041D:  MOVWF  36
041E:  MOVF   78,W
041F:  MOVWF  35
0420:  MOVF   77,W
0421:  MOVWF  34
0422:  CLRF   3B
0423:  CLRF   3A
0424:  CLRF   39
0425:  CLRF   38
0426:  CLRF   3F
0427:  MOVLW  C0
0428:  MOVWF  3E
0429:  MOVLW  7F
042A:  MOVWF  3D
042B:  MOVLW  88
042C:  MOVWF  3C
042D:  CLRF   43
042E:  CLRF   42
042F:  CLRF   41
0430:  CLRF   40
0431:  CLRF   47
0432:  MOVLW  FF
0433:  MOVWF  46
0434:  MOVLW  7F
0435:  MOVWF  45
0436:  MOVLW  8E
0437:  MOVWF  44
0438:  GOTO   1C8
0439:  MOVF   7A,W
043A:  MOVWF  33
043B:  MOVF   79,W
043C:  MOVWF  32
043D:  MOVF   78,W
043E:  MOVWF  31
043F:  MOVF   77,W
0440:  MOVWF  30
0441:  GOTO   387
0442:  MOVF   79,W
0443:  MOVWF  2D
0444:  MOVF   78,W
0445:  MOVWF  2C
....................       //printf("%LU\n",timer);
.................... 
....................       delay_ms(500);
0446:  MOVLW  02
0447:  MOVWF  30
0448:  MOVLW  FA
0449:  MOVWF  31
044A:  GOTO   3A7
044B:  DECFSZ 30,F
044C:  GOTO   448
044D:  GOTO   3FE
....................       //delay_ms(50);
....................    }
.................... 
.................... }
044E:  SLEEP

Configuration Fuses:
   Word  1: 178C   NOEXTOSC RSTOSC_HFINTRC_32MHZ NOCLKOUT NOCKS NOFCMEN
   Word  2: 273D   MCLR PUT NOLPBOR NOBROWNOUT BORV24 ZCDDIS NOPPS1WAY NOSTVREN NODEBUG
   Word  3: 069F   WDTSW NOWDT WDTWIN_100% WDTCLK_LFINTRC
   Word  4: 0FFF   NOWRT NOSCANE NOLVP
   Word  5: 3FFF   NOPROTECT NOCPD
